#### auditd::config::audit_profiles::simp Audit Rules ####
# 64-bit systems should generally never call the 32-bit API. 32-bit syscalls
# may be a sign of someone exploiting a hole in the API.
-a exit,always -F arch=b32 -S all -F key=32bit-api
-a exit,always -F arch=b64 -S accept -F a0=2 -F key=ipv4_in
-a exit,always -F arch=b64 -S accept -F a0=10 -F key=ipv6_in

## Audit unsuccessful file operations
-a exit,always -F arch=b64 -S creat,mkdir,mknod,link,symlink,mkdirat,mknodat,linkat,symlinkat,openat,open_by_handle_at,open,close,rename,renameat,truncate,ftruncate,rmdir,unlink,unlinkat -F exit=-EACCES -k my_unsuccessful_file_operations
-a exit,always -F arch=b64 -S creat,mkdir,mknod,link,symlink,mkdirat,mknodat,linkat,symlinkat,openat,open_by_handle_at,open,close,rename,renameat,truncate,ftruncate,rmdir,unlink,unlinkat -F exit=-EPERM -k my_unsuccessful_file_operations
-a exit,always -F arch=b32 -S creat,mkdir,mknod,link,symlink,mkdirat,mknodat,linkat,symlinkat,openat,open_by_handle_at,open,close,rename,renameat,truncate,ftruncate,rmdir,unlink,unlinkat -F exit=-EACCES -k my_unsuccessful_file_operations
-a exit,always -F arch=b32 -S creat,mkdir,mknod,link,symlink,mkdirat,mknodat,linkat,symlinkat,openat,open_by_handle_at,open,close,rename,renameat,truncate,ftruncate,rmdir,unlink,unlinkat -F exit=-EPERM -k my_unsuccessful_file_operations

-a exit,always -F perm=a -F exit=-EACCES -k my_unsuccessful_file_operations
-a exit,always -F perm=a -F exit=-EPERM -k my_unsuccessful_file_operations

## Audit the execution of password commands
-a exit,always -F path=/usr/bin/passwd -F perm=x -k my_passwd_cmds

-a exit,always -F path=/sbin/unix_chkpwd -F perm=x -k my_passwd_cmds

-a exit,always -F path=/usr/bin/gpasswd -F perm=x -k my_passwd_cmds

-a exit,always -F path=/usr/bin/chage -F perm=x -k my_passwd_cmds

-a exit,always -F path=/usr/sbin/userhelper -F perm=x -k my_passwd_cmds

## Audit the execution of privilege-related commands
-a exit,always -F path=/bin/su -F perm=x -k my_priv_cmds

-a exit,always -F path=/usr/bin/sudo -F perm=x -k my_priv_cmds

-a exit,always -F path=/usr/bin/newgrp -F perm=x -k my_priv_cmds

-a exit,always -F path=/usr/bin/chsh -F perm=x -k my_priv_cmds

-a exit,always -F path=/usr/bin/sudoedit -F perm=x -k my_priv_cmds

## Audit the execution of postfix-related commands
-a exit,always -F path=/usr/sbin/postdrop -F perm=x -k my_postfix_cmds

-a exit,always -F path=/usr/sbin/postqueue -F perm=x -k my_postfix_cmds

## Audit the execution of the ssh-keysign command
-a exit,always -F path=/usr/libexec/openssh/ssh-keysign -F perm=x -k my_ssh_keysign_cmd

## Audit the execution of the crontab command
-a exit,always -F path=/usr/bin/crontab -F perm=x -k my_crontab_cmd

## Audit the execution of the pam_timestamp_check command
-a exit,always -F path=/sbin/pam_timestamp_check -F perm=x -k my_pam_timestamp_check_cmd

## Audit selinux commands
-a exit,always -F path=/usr/sbin/semanage -F perm=x -k my_selinux_cmds
-a exit,always -F path=/usr/sbin/setsebool -F perm=x -k my_selinux_cmds
-a exit,always -F path=/usr/bin/chcon -F perm=x -k my_selinux_cmds
-a exit,always -F path=/sbin/setfiles -F perm=x -k my_selinux_cmds

## Permissions auditing separated by chown, chmod, and attr

-a exit,always -F arch=b64 -S chown,fchown,fchownat,lchown -k my_chown
-a exit,always -F arch=b32 -S chown,fchown,fchownat,lchown -k my_chown

-a exit,always -F arch=b64 -S chmod,fchmod,fchmodat -k my_chmod
-a exit,always -F arch=b32 -S chmod,fchmod,fchmodat -k my_chmod

-a exit,always -F arch=b64 -S setxattr,lsetxattr,fsetxattr,removexattr,lremovexattr,fremovexattr -k my_attr
-a exit,always -F arch=b32 -S setxattr,lsetxattr,fsetxattr,removexattr,lremovexattr,fremovexattr -k my_attr

## Audit rename/removal operations
-a exit,always -F arch=b64 -S rename,renameat,rmdir,unlink,unlinkat -F perm=x -k my_rename_remove
-a exit,always -F arch=b32 -S rename,renameat,rmdir,unlink,unlinkat -F perm=x -k my_rename_remove

## Audit useful items that someone does when su'ing to root.
-a exit,always -F arch=b64 -F auid!=0 -F uid=0 -S capset,mknod,mknodat,pivot_root,quotactl,setsid,adjtimex,settimeofday,setuid,swapoff,swapon,execve,rename,renameat,rmdir,unlink,unlinkat,write,chown,fchown,fchownat,lchown,creat,fork,vfork,link,linkat,symlink,symlinkat,mkdir,mkdirat -k my_su_root_activity
-a exit,always -F arch=b32 -F auid!=0 -F uid=0 -S capset,mknod,mknodat,pivot_root,quotactl,setsid,adjtimex,settimeofday,setuid,swapoff,swapon,execve,rename,renameat,rmdir,unlink,unlinkat,write,chown,fchown,fchownat,lchown,creat,fork,vfork,link,linkat,symlink,symlinkat,mkdir,mkdirat -k my_su_root_activity

## Audit the execution of suid and sgid binaries.
-a exit,always -F arch=b64 -F euid=0 -F uid!=0 -S execve -k my_suid_sgid
-a exit,always -F arch=b32 -F euid=0 -F uid!=0 -S execve -k my_suid_sgid

## Audit the loading and unloading of kernel modules.
-w /sbin/insmod -p x -k my_kernel_modules
-w /sbin/rmmod -p x -k my_kernel_modules
-w /sbin/modprobe -p x -k my_kernel_modules

-a exit,always -F arch=b64 -S create_module,init_module,finit_module,delete_module -k my_kernel_modules
-a exit,always -F arch=b32 -S create_module,init_module,finit_module,delete_module -k my_kernel_modules

## Audit things that could affect time
-a exit,always -F arch=b64 -S adjtimex,settimeofday -k my_time
-a exit,always -F arch=b64 -S clock_settime -F a0=0x0 -k my_time
-a exit,always -F arch=b32 -S adjtimex,stime,settimeofday -k my_time
-a exit,always -F arch=b32 -S clock_settime -F a0=0x0 -k my_time

-w /etc/localtime -p wa -k my_time

## Audit things that could affect system locale
-a exit,always -F arch=b64 -S sethostname,setdomainname -k my_locale
-a exit,always -F arch=b32 -S sethostname,setdomainname -k my_locale

-w /etc/issue -p wa -k my_locale
-w /etc/issue.net -p wa -k my_locale
-w /etc/hosts -p wa -k my_locale
-w /etc/hostname -p wa -k my_locale
-w /etc/sysconfig/network -p wa -k my_locale

## Audit mount operations
-a exit,always -F arch=b64 -S mount,umount2 -k my_mount
-a exit,always -F arch=b32 -S mount,umount,umount2 -k my_mount

-a exit,always -F arch=b64 -F path=/bin/mount -k my_mount
-a exit,always -F arch=b32 -F path=/bin/mount -k my_mount
-a exit,always -F path=/bin/umount -F perm=x -k my_mount

## Audit umask changes.
-a exit,always -F arch=b64 -S umask -k my_umask
-a exit,always -F arch=b32 -S umask -k my_umask

## Audit local accounts
-w /etc/passwd -p wa -k my_local_account
-w /etc/group -p wa -k my_local_account
-w /etc/gshadow -p wa -k my_local_account
-w /etc/shadow -p wa -k my_local_account
-w /etc/security/opasswd -p wa -k my_local_account
-w /etc/passwd- -p wa -k my_local_account
-w /etc/group- -p wa -k my_local_account
-w /etc/shadow- -p wa -k my_local_account

## Audit selinux policy
-w /etc/selinux/ -p wa -k my_selinux_policy
-w /usr/share/selinux/ -p wa -k my_selinux_policy

## Audit login files
-w /var/log/tallylog -p wa -k my_login_files
-w /var/run/faillock -p wa -k my_login_files
-w /var/log/lastlog -p wa -k my_login_files
-w /var/log/faillog -p wa -k my_login_files

## Audit session files
-w /var/run/utmp -p wa -k my_session_files
-w /var/log/btmp -p wa -k my_session_files
-w /var/log/wtmp -p wa -k my_session_files

## Audit sudoers configuration files
-w /etc/sudoers -p wa -k my_cfg_sudoers
-w /etc/sudoers.d/ -p wa -k my_cfg_sudoers

## Audit accesses to the audit trail
-w /usr/sbin/aulast -p x -k access-audit-trail
-w /usr/sbin/aulastlogin -p x -k access-audit-trail
-w /usr/sbin/aureport -p x -k access-audit-trail
-w /usr/sbin/ausearch -p x -k access-audit-trail
-w /usr/sbin/auvirt -p x -k access-audit-trail

## Audit suspicious applications
-w /usr/bin/nc -p x -k suspicious_apps
-w /usr/bin/ncat -p x -k suspicious_apps
-w /usr/bin/nmap -p x -k suspicious_apps
-w /usr/bin/rawshark -p x -k suspicious_apps
-w /usr/bin/socat -p x -k suspicious_apps
-w /usr/bin/wireshark -p x -k suspicious_apps
-w /usr/sbin/tcpdump -p x -k suspicious_apps
-w /usr/sbin/traceroute -p x -k suspicious_apps
-w /usr/sbin/traceroute6 -p x -k suspicious_apps

## Generally good things to audit.
-w /boot/grub/grub.conf -p wa -k my_cfg_grub
-w /etc/default -p wa -k my_cfg_sys
-w /etc/exports -p wa -k my_cfg_sys
-w /etc/fstab -p wa -k my_cfg_sys
-w /etc/host.conf -p wa -k my_cfg_sys
-w /etc/hosts.allow -p wa -k my_cfg_sys
-w /etc/hosts.deny -p wa -k my_cfg_sys
-w /etc/initlog.conf -p wa -k my_cfg_sys
-w /etc/inittab -p wa -k my_cfg_sys
-w /etc/krb5.conf -p wa -k my_cfg_sys
-w /etc/ld.so.conf -p wa -k my_cfg_sys
-w /etc/ld.so.conf.d -p wa -k my_cfg_sys
-w /etc/login.defs -p wa -k my_cfg_sys
-w /etc/modprobe.conf.d -p wa -k my_cfg_sys
-w /etc/modprobe.d/00_simp_blacklist.conf -p wa -k my_cfg_sys
-w /etc/nsswitch.conf -p wa -k my_cfg_sys
-w /etc/aliases -p wa -k my_cfg_sys
-w /etc/at.deny -p wa -k my_cfg_sys
-w /etc/rc.d/init.d -p wa -k my_cfg_sys
-w /etc/rc.local -p wa -k my_cfg_sys
-w /etc/rc.sysinit -p wa -k my_cfg_sys
-w /etc/resolv.conf -p wa -k my_cfg_sys
-w /etc/securetty -p wa -k my_cfg_sys
-w /etc/snmp/snmpd.conf -p wa -k my_cfg_sys
-w /etc/ssh/sshd_config -p wa -k my_cfg_sys
-w /etc/sysconfig -p wa -k my_cfg_sys
-w /etc/sysctl.conf -p wa -k my_cfg_sys
-w /lib/firmware/microcode.dat -p wa -k my_cfg_sys
-w /var/spool/at -p wa -k my_cfg_sys
-w /etc/cron.d -p wa -k my_cfg_cron
-w /etc/anacrontab -p wa -k my_cfg_cron
-w /etc/cron.daily -p wa -k my_cfg_cron
-w /etc/cron.deny -p wa -k my_cfg_cron
-w /etc/cron.hourly -p wa -k my_cfg_cron
-w /etc/cron.monthly -p wa -k my_cfg_cron
-w /etc/cron.weekly -p wa -k my_cfg_cron
-w /etc/crontab -p wa -k my_cfg_cron
-w /etc/csh.cshrc -p wa -k my_cfg_shell
-w /etc/bashrc -p wa -k my_cfg_shell
-w /etc/csh.login -p wa -k my_cfg_shell
-w /etc/profile -p wa -k my_cfg_shell
-w /etc/shells -p wa -k my_cfg_shell
-w /etc/pam.d -p wa -k my_cfg_pam
-w /etc/pam_smb.conf -p wa -k my_cfg_pam
-w /etc/security -p wa -k CFG_security
-w /etc/services -p wa -k my_cfg_services
-w /etc/xinetd.conf -p wa -k my_cfg_xinetd
-w /etc/xinetd.d -p wa -k my_cfg_xinetd
-w /etc/yum -p wa -k my_cfg_yum
-w /etc/yum.conf -p wa -k my_cfg_yum
-w /etc/yum.repos.d -p wa -k my_cfg_yum
-w /usr/bin/yum -p x -k my_yum_cmd
-w /bin/rpm -p x -k my_rpm_cmd
-a exit,always -F arch=b64 -S ptrace -F a0=0x4 -k paranoid_code_injection
-a exit,always -F arch=b64 -S ptrace -F a0=0x5 -k paranoid_data_injection
-a exit,always -F arch=b64 -S ptrace -F a0=0x6 -k paranoid_register_injection
-a exit,always -F arch=b64 -S ptrace -k my_ptrace
-a exit,always -F arch=b32 -S ptrace -F a0=0x4 -k paranoid_code_injection
-a exit,always -F arch=b32 -S ptrace -F a0=0x5 -k paranoid_data_injection
-a exit,always -F arch=b32 -S ptrace -F a0=0x6 -k paranoid_register_injection
-a exit,always -F arch=b32 -S ptrace -k my_ptrace
-a exit,always -F arch=b64 -S personality -k my_personality
-a exit,always -F arch=b32 -S personality -k my_personality
